// Vitest Snapshot v1, https://vitest.dev/guide/snapshot.html

exports[`CountdownClock > Ensure clock runs in real time and displays 1`] = `"12, 08, :28, :24"`;
